-
    type: invalid-set-key
    data: [key]
    trace: [{ file: /Users/lucatume/work/tec/slic/tests/classes/Dropin/dropins/Slic_Object_Cache_Test.php, line: 265, function: replace, class: Slic_Object_Cache, type: '->' }, { file: /Users/lucatume/work/tec/slic/vendor/phpunit/phpunit/src/Framework/TestCase.php, line: 1548, function: should_log_violations_when_trying_to_replace_with_invalid_key, class: Slic_Object_Cache_Test, type: '->' }, { file: /Users/lucatume/work/tec/slic/vendor/phpunit/phpunit/src/Framework/TestCase.php, line: 1154, function: runTest, class: PHPUnit\Framework\TestCase, type: '->' }, { file: /Users/lucatume/work/tec/slic/vendor/phpunit/phpunit/src/Framework/TestResult.php, line: 728, function: runBare, class: PHPUnit\Framework\TestCase, type: '->' }, { file: /Users/lucatume/work/tec/slic/vendor/phpunit/phpunit/src/Framework/TestCase.php, line: 904, function: run, class: PHPUnit\Framework\TestResult, type: '->' }, { file: /Users/lucatume/work/tec/slic/vendor/phpunit/phpunit/src/Framework/TestSuite.php, line: 675, function: run, class: PHPUnit\Framework\TestCase, type: '->' }, { file: /Users/lucatume/work/tec/slic/vendor/phpunit/phpunit/src/Framework/TestSuite.php, line: 675, function: run, class: PHPUnit\Framework\TestSuite, type: '->' }, { file: /Users/lucatume/work/tec/slic/vendor/phpunit/phpunit/src/Framework/TestSuite.php, line: 675, function: run, class: PHPUnit\Framework\TestSuite, type: '->' }, { file: /Users/lucatume/work/tec/slic/vendor/phpunit/phpunit/src/Framework/TestSuite.php, line: 675, function: run, class: PHPUnit\Framework\TestSuite, type: '->' }, { file: /Users/lucatume/work/tec/slic/vendor/phpunit/phpunit/src/TextUI/TestRunner.php, line: 661, function: run, class: PHPUnit\Framework\TestSuite, type: '->' }, { file: /Users/lucatume/work/tec/slic/vendor/phpunit/phpunit/src/TextUI/Command.php, line: 144, function: run, class: PHPUnit\TextUI\TestRunner, type: '->' }, { file: /Users/lucatume/work/tec/slic/vendor/phpunit/phpunit/src/TextUI/Command.php, line: 97, function: run, class: PHPUnit\TextUI\Command, type: '->' }, { file: 'phpvfscomposer:///Users/lucatume/work/tec/slic/vendor/phpunit/phpunit/phpunit', line: 97, function: main, class: PHPUnit\TextUI\Command, type: '::' }, { file: /Users/lucatume/work/tec/slic/vendor/bin/phpunit, line: 118, args: ['phpvfscomposer:///Users/lucatume/work/tec/slic/vendor/phpunit/phpunit/phpunit'], function: include }]
